// Jest Snapshot v1, https://goo.gl/fbAQLP

exports[`Admin Events Page Mount snapshot 1`] = `
<div>
  <v-flex-stub
    align-center=""
    d-flex=""
    justify-space-between=""
    ma-3=""
    tag="div"
  >
    <v-layout-stub
      align-center=""
      flex=""
      tag="div"
    >
      <h2
        class="white--text mr-3"
      >
        
        Events
      
      </h2>
       
      <v-btn-stub
        activeclass="v-btn--active"
        color="white"
        slot="activator"
        tag="button"
        type="button"
      >
        <span
          class="primary--text"
        >
          Add New Event
        </span>
      </v-btn-stub>
    </v-layout-stub>
     
    <v-flex-stub
      sm2=""
      tag="div"
      text-xs-right=""
      xs12=""
    >
      <v-select-stub
        flat=""
        hide-details=""
        items="[object Object],[object Object]"
        single-line=""
        solo=""
        value="1"
      />
    </v-flex-stub>
  </v-flex-stub>
   
  <v-divider-stub />
   
  <!---->
   
  <!---->
   
  <v-dialog-stub
    contentclass=""
    maxwidth="500"
    origin="center center"
    transition="dialog-transition"
    width="auto"
  >
    <simple-confirm-stub
      cancellabel="No"
      class=""
      oklabel="Yes"
      title="Are you sure you want to delete this event?"
    >
      <div
        class="py-5 px-2"
      >
        <p
          class="subheading"
        >
          <span>
            Event
          </span>
          
            : 
          
        </p>
      </div>
    </simple-confirm-stub>
  </v-dialog-stub>
</div>
`;
