// Jest Snapshot v1, https://goo.gl/fbAQLP

exports[`fleet-members/AreasOfOperation Snapshots Default 1`] = `
<div
  class="container"
>
  <div
    class="v-card v-sheet theme--light"
  >
    <div
      class="v-card__title grey--text"
    >
      <div
        class="layout row space-between align-center"
      >
        <div
          class="flex"
        >
          <h3>
            Areas of Operation
          </h3>
        </div>
      </div>
    </div>
     
    <hr
      class="v-divider theme--light"
    />
     
    <div
      class="v-card__text primary--text"
    >
      <div
        class="ff-fleet-members__operation-text"
      >
        
      Nothing here yet.
      
        <a
          href="#"
          slot="activator"
        >
          
            Add new item
          
        </a>
        <div
          class="v-dialog__container"
          style="display: inline-block;"
        >
          <div
            class="v-dialog__content"
            style="z-index: 0;"
            tabindex="-1"
          >
            <div
              class="v-dialog"
              style="max-width: 400px; display: none;"
            >
               
              <div
                class="v-card v-sheet theme--light"
              >
                <hr
                  class="v-divider theme--light"
                />
                 
                <div
                  class="v-card__text grey--text"
                >
                  
            Coming Soon
          
                </div>
                 
                <hr
                  class="v-divider theme--light"
                />
              </div>
            </div>
          </div>
        </div>
      </div>
    </div>
     
    <hr
      class="v-divider theme--light"
    />
  </div>
</div>
`;
