// Jest Snapshot v1, https://goo.gl/fbAQLP

exports[`components/fleet-members/StatusSelect Visuals ReadOnly 1`] = `
<div
  class="container"
>
  <button
    class="v-btn theme--dark warning warning-text--text"
    type="button"
  >
    <div
      class="v-btn__content"
    >
      
  Draft
 
      <i
        aria-hidden="true"
        class="v-icon v-icon--right material-icons theme--dark"
      >
        arrow_drop_down
      </i>
    </div>
  </button>
  <div
    class="v-menu"
  >
    <div
      class="v-menu__content theme--light "
      style="max-height: auto; min-width: 0px; max-width: auto; top: 12px; left: 0px; transform-origin: top left; z-index: 0; display: none;"
    >
       
      <div
        class="v-list theme--light"
        role="list"
      >
        <div
          role="listitem"
        >
          <a
            class="v-list__tile v-list__tile--link theme--light"
          >
            <div
              class="v-list__tile__title"
            >
              Draft
            </div>
          </a>
        </div>
        <div
          role="listitem"
        >
          <a
            class="v-list__tile v-list__tile--link theme--light"
          >
            <div
              class="v-list__tile__title"
            >
              Pending
            </div>
          </a>
        </div>
        <div
          role="listitem"
        >
          <a
            class="v-list__tile v-list__tile--link theme--light"
          >
            <div
              class="v-list__tile__title"
            >
              Revision
            </div>
          </a>
        </div>
        <div
          role="listitem"
        >
          <a
            class="v-list__tile v-list__tile--link theme--light"
          >
            <div
              class="v-list__tile__title"
            >
              Rejected
            </div>
          </a>
        </div>
        <div
          role="listitem"
        >
          <a
            class="v-list__tile v-list__tile--link theme--light"
          >
            <div
              class="v-list__tile__title"
            >
              Approved
            </div>
          </a>
        </div>
      </div>
    </div>
  </div>
</div>
`;

exports[`components/fleet-members/StatusSelect Visuals Selected 1`] = `
<div
  class="container"
>
  <button
    class="v-btn theme--dark warning warning-text--text"
    type="button"
  >
    <div
      class="v-btn__content"
    >
      
  Draft
 
      <i
        aria-hidden="true"
        class="v-icon v-icon--right material-icons theme--dark"
      >
        arrow_drop_down
      </i>
    </div>
  </button>
  <div
    class="v-menu"
  >
    <div
      class="v-menu__content theme--light "
      style="max-height: auto; min-width: 0px; max-width: auto; top: 12px; left: 0px; transform-origin: top left; z-index: 0; display: none;"
    >
       
      <div
        class="v-list theme--light"
        role="list"
      >
        <div
          role="listitem"
        >
          <a
            class="v-list__tile v-list__tile--link theme--light"
          >
            <div
              class="v-list__tile__title"
            >
              Draft
            </div>
          </a>
        </div>
        <div
          role="listitem"
        >
          <a
            class="v-list__tile v-list__tile--link theme--light"
          >
            <div
              class="v-list__tile__title"
            >
              Pending
            </div>
          </a>
        </div>
        <div
          role="listitem"
        >
          <a
            class="v-list__tile v-list__tile--link theme--light"
          >
            <div
              class="v-list__tile__title"
            >
              Revision
            </div>
          </a>
        </div>
        <div
          role="listitem"
        >
          <a
            class="v-list__tile v-list__tile--link theme--light"
          >
            <div
              class="v-list__tile__title"
            >
              Rejected
            </div>
          </a>
        </div>
        <div
          role="listitem"
        >
          <a
            class="v-list__tile v-list__tile--link theme--light"
          >
            <div
              class="v-list__tile__title"
            >
              Approved
            </div>
          </a>
        </div>
      </div>
    </div>
  </div>
</div>
`;
