// Jest Snapshot v1, https://goo.gl/fbAQLP

exports[`My profile page snapshot of page 1`] = `<!---->`;
