// Jest Snapshot v1, https://goo.gl/fbAQLP

exports[`Fleet Members Page Mount snapshot 1`] = `<!---->`;
