// Jest Snapshot v1, https://goo.gl/fbAQLP

exports[`UserProfile Snapshots isCurrentUser 1`] = `
<div
  class="layout row wrap"
>
  <div
    class="flex xs12 mb-4"
  >
    <div
      class="v-card v-sheet theme--light"
    >
      <div
        class="v-card__title"
      >
        <h3
          class="grey--text"
        >
          
      Basic Information
    
        </h3>
         
        <!---->
      </div>
       
      <hr
        class="v-divider theme--light"
      />
       
      <div
        class="layout pa-3 row wrap"
      >
        <div
          class="flex xs8"
        >
          <div
            class="layout row wrap"
          >
            <div
              class="flex xs6 px-2"
            >
              <div
                class="mb-2 text-uppercase grey--text font-weight-bold"
              >
                
            First name
          
              </div>
               
              <div
                class="v-input v-text-field v-text-field--single-line v-text-field--enclosed v-text-field--outline v-text-field--placeholder theme--light"
              >
                <div
                  class="v-input__control"
                >
                  <div
                    class="v-input__slot"
                  >
                    <div
                      class="v-text-field__slot"
                    >
                      <input
                        placeholder="Name"
                        type="text"
                      />
                    </div>
                  </div>
                  <div
                    class="v-text-field__details"
                  >
                    <div
                      class="v-messages theme--light"
                    >
                      <div
                        class="v-messages__wrapper"
                      />
                    </div>
                  </div>
                </div>
              </div>
            </div>
             
            <div
              class="flex xs6 px-2"
            >
              <div
                class="mb-2 text-uppercase grey--text font-weight-bold"
              >
                
            Last name
          
              </div>
               
              <div
                class="v-input v-text-field v-text-field--single-line v-text-field--enclosed v-text-field--outline v-text-field--placeholder theme--light"
              >
                <div
                  class="v-input__control"
                >
                  <div
                    class="v-input__slot"
                  >
                    <div
                      class="v-text-field__slot"
                    >
                      <input
                        placeholder="Name"
                        type="text"
                      />
                    </div>
                  </div>
                  <div
                    class="v-text-field__details"
                  >
                    <div
                      class="v-messages theme--light"
                    >
                      <div
                        class="v-messages__wrapper"
                      />
                    </div>
                  </div>
                </div>
              </div>
            </div>
             
            <div
              class="flex xs6 px-2"
            >
              <div
                class="mb-2 text-uppercase grey--text font-weight-bold"
              >
                
            Company
          
              </div>
               
              <div
                class="pt-4"
              >
                
            
          
              </div>
            </div>
             
            <div
              class="flex xs6 px-2"
            >
              <div
                class="mb-2 text-uppercase grey--text font-weight-bold"
              >
                
            Title
          
              </div>
               
              <div
                class="v-input v-text-field v-text-field--single-line v-text-field--enclosed v-text-field--outline v-text-field--placeholder theme--light"
              >
                <div
                  class="v-input__control"
                >
                  <div
                    class="v-input__slot"
                  >
                    <div
                      class="v-text-field__slot"
                    >
                      <input
                        placeholder="Name"
                        type="text"
                      />
                    </div>
                  </div>
                  <div
                    class="v-text-field__details"
                  >
                    <div
                      class="v-messages theme--light"
                    >
                      <div
                        class="v-messages__wrapper"
                      />
                    </div>
                  </div>
                </div>
              </div>
            </div>
          </div>
           
          <!---->
           
          <div
            class="layout row wrap"
          >
            <div
              class="flex xs6 px-2"
            >
              <div
                class="mb-2 text-uppercase grey--text font-weight-bold"
              >
                
            Email
          
              </div>
               
              <div
                class="v-input v-text-field v-text-field--single-line v-text-field--enclosed v-text-field--outline v-text-field--placeholder theme--light"
              >
                <div
                  class="v-input__control"
                >
                  <div
                    class="v-input__slot"
                  >
                    <div
                      class="v-text-field__slot"
                    >
                      <input
                        placeholder="Name"
                        type="text"
                      />
                    </div>
                  </div>
                  <div
                    class="v-text-field__details"
                  >
                    <div
                      class="v-messages theme--light"
                    >
                      <div
                        class="v-messages__wrapper"
                      />
                    </div>
                  </div>
                </div>
              </div>
            </div>
          </div>
           
          <div
            class="layout row wrap"
          >
            <div
              class="flex xs6 px-2"
            >
              <div
                class="mb-2 text-uppercase grey--text font-weight-bold"
              >
                
            Office phone
          
              </div>
               
              <div
                class="v-input v-text-field v-text-field--single-line v-text-field--enclosed v-text-field--outline v-text-field--placeholder theme--light"
              >
                <div
                  class="v-input__control"
                >
                  <div
                    class="v-input__slot"
                  >
                    <div
                      class="v-text-field__slot"
                    >
                      <input
                        placeholder="Name"
                        type="text"
                      />
                    </div>
                  </div>
                  <div
                    class="v-text-field__details"
                  >
                    <div
                      class="v-messages theme--light"
                    >
                      <div
                        class="v-messages__wrapper"
                      />
                    </div>
                  </div>
                </div>
              </div>
            </div>
             
            <div
              class="flex xs6 px-2"
            >
              <div
                class="mb-2 text-uppercase grey--text font-weight-bold"
              >
                
            Mobile phone
          
              </div>
               
              <div
                class="v-input v-text-field v-text-field--single-line v-text-field--enclosed v-text-field--outline v-text-field--placeholder theme--light"
              >
                <div
                  class="v-input__control"
                >
                  <div
                    class="v-input__slot"
                  >
                    <div
                      class="v-text-field__slot"
                    >
                      <input
                        placeholder="Name"
                        type="text"
                      />
                    </div>
                  </div>
                  <div
                    class="v-text-field__details"
                  >
                    <div
                      class="v-messages theme--light"
                    >
                      <div
                        class="v-messages__wrapper"
                      />
                    </div>
                  </div>
                </div>
              </div>
            </div>
          </div>
           
          <div
            class="layout row wrap"
          >
            <div
              class="flex xs3 px-1"
            >
              <button
                class="v-btn v-btn--depressed theme--light primary"
                type="button"
              >
                <div
                  class="v-btn__content"
                >
                  
            Change password
          
                </div>
              </button>
            </div>
          </div>
           
          <!---->
        </div>
         
        <div
          class="flex xs4 pl-4"
        >
          <div
            class="px-2 xs-12 md-4"
          >
            <div
              class="mb-2 text-uppercase grey--text font-weight-bold"
            >
              
          Profile picture
        
            </div>
             
            <input
              class="ff-profile-picture__image_input"
              type="file"
            />
             
            <div
              class="v-responsive v-image grey lighten-2"
            >
              <div
                class="v-image__image v-image__image--preload v-image__image--cover"
                mode="in-out"
                name="fade-transition"
                style="background-position: center center;"
              />
              <div
                class="v-responsive__content"
              />
            </div>
          </div>
           
          <div
            class="py-3 d-flex justify-space-between"
          >
            <button
              class="v-btn v-btn--depressed theme--light primary"
              type="button"
            >
              <div
                class="v-btn__content"
              >
                
          Upload Image
        
              </div>
            </button>
             
            <button
              class="v-btn v-btn--disabled v-btn--depressed theme--light"
              disabled="disabled"
              type="button"
            >
              <div
                class="v-btn__content"
              >
                
          Delete Image
        
              </div>
            </button>
          </div>
        </div>
      </div>
       
      <hr
        class="v-divider theme--light"
      />
       
      <div
        class="layout pa-3"
      >
        <div
          class="flex"
        >
          <button
            class="v-btn v-btn--depressed theme--light"
            type="button"
          >
            <div
              class="v-btn__content"
            >
              
        Cancel
      
            </div>
          </button>
           
          <button
            class="v-btn v-btn--depressed theme--light primary"
            type="button"
          >
            <div
              class="v-btn__content"
            >
              
        Save changes
      
            </div>
          </button>
        </div>
         
        <div
          class="flex text-xs-right"
        >
          <button
            class="v-btn v-btn--depressed theme--light"
            type="button"
          >
            <div
              class="v-btn__content"
            >
              
        Delete account
      
            </div>
          </button>
        </div>
      </div>
    </div>
  </div>
   
  <div
    class="flex xs12 mb-4"
  >
    <div
      class="v-card v-sheet theme--light"
    >
      <div
        class="v-card__title"
      >
        <h3
          class="grey--text"
        >
          
      Notification settings
    
        </h3>
         
        <!---->
      </div>
       
      <hr
        class="v-divider theme--light"
      />
       
      <div
        class="layout pa-4 row wrap"
      >
        <div>
          Coming Soon
        </div>
      </div>
    </div>
  </div>
</div>
`;

exports[`UserProfile Snapshots isCurrentUserAdmin 1`] = `
<div
  class="layout row wrap"
>
  <div
    class="flex xs12 mb-4"
  >
    <div
      class="v-card v-sheet theme--light"
    >
      <div
        class="v-card__title"
      >
        <h3
          class="grey--text"
        >
          
      Basic Information
    
        </h3>
         
        <!---->
      </div>
       
      <hr
        class="v-divider theme--light"
      />
       
      <div
        class="layout pa-3 row wrap"
      >
        <div
          class="flex xs8"
        >
          <div
            class="layout row wrap"
          >
            <div
              class="flex xs6 px-2"
            >
              <div
                class="mb-2 text-uppercase grey--text font-weight-bold"
              >
                
            First name
          
              </div>
               
              <div
                class="v-input v-text-field v-text-field--single-line v-text-field--enclosed v-text-field--outline v-text-field--placeholder theme--light"
              >
                <div
                  class="v-input__control"
                >
                  <div
                    class="v-input__slot"
                  >
                    <div
                      class="v-text-field__slot"
                    >
                      <input
                        placeholder="Name"
                        type="text"
                      />
                    </div>
                  </div>
                  <div
                    class="v-text-field__details"
                  >
                    <div
                      class="v-messages theme--light"
                    >
                      <div
                        class="v-messages__wrapper"
                      />
                    </div>
                  </div>
                </div>
              </div>
            </div>
             
            <div
              class="flex xs6 px-2"
            >
              <div
                class="mb-2 text-uppercase grey--text font-weight-bold"
              >
                
            Last name
          
              </div>
               
              <div
                class="v-input v-text-field v-text-field--single-line v-text-field--enclosed v-text-field--outline v-text-field--placeholder theme--light"
              >
                <div
                  class="v-input__control"
                >
                  <div
                    class="v-input__slot"
                  >
                    <div
                      class="v-text-field__slot"
                    >
                      <input
                        placeholder="Name"
                        type="text"
                      />
                    </div>
                  </div>
                  <div
                    class="v-text-field__details"
                  >
                    <div
                      class="v-messages theme--light"
                    >
                      <div
                        class="v-messages__wrapper"
                      />
                    </div>
                  </div>
                </div>
              </div>
            </div>
             
            <div
              class="flex xs6 px-2"
            >
              <div
                class="mb-2 text-uppercase grey--text font-weight-bold"
              >
                
            Company
          
              </div>
               
              <div
                class="pt-4"
              >
                
            
          
              </div>
            </div>
             
            <div
              class="flex xs6 px-2"
            >
              <div
                class="mb-2 text-uppercase grey--text font-weight-bold"
              >
                
            Title
          
              </div>
               
              <div
                class="v-input v-text-field v-text-field--single-line v-text-field--enclosed v-text-field--outline v-text-field--placeholder theme--light"
              >
                <div
                  class="v-input__control"
                >
                  <div
                    class="v-input__slot"
                  >
                    <div
                      class="v-text-field__slot"
                    >
                      <input
                        placeholder="Name"
                        type="text"
                      />
                    </div>
                  </div>
                  <div
                    class="v-text-field__details"
                  >
                    <div
                      class="v-messages theme--light"
                    >
                      <div
                        class="v-messages__wrapper"
                      />
                    </div>
                  </div>
                </div>
              </div>
            </div>
          </div>
           
          <!---->
           
          <div
            class="layout row wrap"
          >
            <div
              class="flex xs6 px-2"
            >
              <div
                class="mb-2 text-uppercase grey--text font-weight-bold"
              >
                
            Email
          
              </div>
               
              <div
                class="v-input v-text-field v-text-field--single-line v-text-field--enclosed v-text-field--outline v-text-field--placeholder theme--light"
              >
                <div
                  class="v-input__control"
                >
                  <div
                    class="v-input__slot"
                  >
                    <div
                      class="v-text-field__slot"
                    >
                      <input
                        placeholder="Name"
                        type="text"
                      />
                    </div>
                  </div>
                  <div
                    class="v-text-field__details"
                  >
                    <div
                      class="v-messages theme--light"
                    >
                      <div
                        class="v-messages__wrapper"
                      />
                    </div>
                  </div>
                </div>
              </div>
            </div>
          </div>
           
          <div
            class="layout row wrap"
          >
            <div
              class="flex xs6 px-2"
            >
              <div
                class="mb-2 text-uppercase grey--text font-weight-bold"
              >
                
            Office phone
          
              </div>
               
              <div
                class="v-input v-text-field v-text-field--single-line v-text-field--enclosed v-text-field--outline v-text-field--placeholder theme--light"
              >
                <div
                  class="v-input__control"
                >
                  <div
                    class="v-input__slot"
                  >
                    <div
                      class="v-text-field__slot"
                    >
                      <input
                        placeholder="Name"
                        type="text"
                      />
                    </div>
                  </div>
                  <div
                    class="v-text-field__details"
                  >
                    <div
                      class="v-messages theme--light"
                    >
                      <div
                        class="v-messages__wrapper"
                      />
                    </div>
                  </div>
                </div>
              </div>
            </div>
             
            <div
              class="flex xs6 px-2"
            >
              <div
                class="mb-2 text-uppercase grey--text font-weight-bold"
              >
                
            Mobile phone
          
              </div>
               
              <div
                class="v-input v-text-field v-text-field--single-line v-text-field--enclosed v-text-field--outline v-text-field--placeholder theme--light"
              >
                <div
                  class="v-input__control"
                >
                  <div
                    class="v-input__slot"
                  >
                    <div
                      class="v-text-field__slot"
                    >
                      <input
                        placeholder="Name"
                        type="text"
                      />
                    </div>
                  </div>
                  <div
                    class="v-text-field__details"
                  >
                    <div
                      class="v-messages theme--light"
                    >
                      <div
                        class="v-messages__wrapper"
                      />
                    </div>
                  </div>
                </div>
              </div>
            </div>
          </div>
           
          <div
            class="layout row wrap"
          >
            <div
              class="flex xs3 px-1"
            >
              <button
                class="v-btn v-btn--depressed theme--light primary"
                type="button"
              >
                <div
                  class="v-btn__content"
                >
                  
            Change password
          
                </div>
              </button>
            </div>
          </div>
           
          <!---->
        </div>
         
        <div
          class="flex xs4 pl-4"
        >
          <div
            class="px-2 xs-12 md-4"
          >
            <div
              class="mb-2 text-uppercase grey--text font-weight-bold"
            >
              
          Profile picture
        
            </div>
             
            <input
              class="ff-profile-picture__image_input"
              type="file"
            />
             
            <div
              class="v-responsive v-image grey lighten-2"
            >
              <div
                class="v-image__image v-image__image--preload v-image__image--cover"
                mode="in-out"
                name="fade-transition"
                style="background-position: center center;"
              />
              <div
                class="v-responsive__content"
              />
            </div>
          </div>
           
          <div
            class="py-3 d-flex justify-space-between"
          >
            <button
              class="v-btn v-btn--depressed theme--light primary"
              type="button"
            >
              <div
                class="v-btn__content"
              >
                
          Upload Image
        
              </div>
            </button>
             
            <button
              class="v-btn v-btn--disabled v-btn--depressed theme--light"
              disabled="disabled"
              type="button"
            >
              <div
                class="v-btn__content"
              >
                
          Delete Image
        
              </div>
            </button>
          </div>
        </div>
      </div>
       
      <hr
        class="v-divider theme--light"
      />
       
      <div
        class="layout pa-3"
      >
        <div
          class="flex"
        >
          <button
            class="v-btn v-btn--depressed theme--light"
            type="button"
          >
            <div
              class="v-btn__content"
            >
              
        Cancel
      
            </div>
          </button>
           
          <button
            class="v-btn v-btn--depressed theme--light primary"
            type="button"
          >
            <div
              class="v-btn__content"
            >
              
        Save changes
      
            </div>
          </button>
        </div>
         
        <div
          class="flex text-xs-right"
        >
          <button
            class="v-btn v-btn--depressed theme--light"
            type="button"
          >
            <div
              class="v-btn__content"
            >
              
        Delete account
      
            </div>
          </button>
        </div>
      </div>
    </div>
  </div>
   
  <div
    class="flex xs12 mb-4"
  >
    <div
      class="v-card v-sheet theme--light"
    >
      <div
        class="v-card__title"
      >
        <h3
          class="grey--text"
        >
          
      Notification settings
    
        </h3>
         
        <!---->
      </div>
       
      <hr
        class="v-divider theme--light"
      />
       
      <div
        class="layout pa-4 row wrap"
      >
        <div>
          Coming Soon
        </div>
      </div>
    </div>
  </div>
</div>
`;

exports[`UserProfile Snapshots without user and company 1`] = `
<div
  class="layout row wrap"
>
  <div
    class="flex xs12 mb-4"
  >
    <div
      class="v-card v-sheet theme--light"
    >
      <div
        class="v-card__title"
      >
        <h3
          class="grey--text"
        >
          
      Basic Information
    
        </h3>
         
        <!---->
      </div>
       
      <hr
        class="v-divider theme--light"
      />
       
      <div
        class="layout pa-3 row wrap"
      >
        <div
          class="flex xs8"
        >
          <div
            class="layout row wrap"
          >
            <div
              class="flex xs6 px-2"
            >
              <div
                class="mb-2 text-uppercase grey--text font-weight-bold"
              >
                
            First name
          
              </div>
               
              <div
                class="v-input v-text-field v-text-field--single-line v-text-field--enclosed v-text-field--outline v-text-field--placeholder theme--light"
              >
                <div
                  class="v-input__control"
                >
                  <div
                    class="v-input__slot"
                  >
                    <div
                      class="v-text-field__slot"
                    >
                      <input
                        placeholder="Name"
                        type="text"
                      />
                    </div>
                  </div>
                  <div
                    class="v-text-field__details"
                  >
                    <div
                      class="v-messages theme--light"
                    >
                      <div
                        class="v-messages__wrapper"
                      />
                    </div>
                  </div>
                </div>
              </div>
            </div>
             
            <div
              class="flex xs6 px-2"
            >
              <div
                class="mb-2 text-uppercase grey--text font-weight-bold"
              >
                
            Last name
          
              </div>
               
              <div
                class="v-input v-text-field v-text-field--single-line v-text-field--enclosed v-text-field--outline v-text-field--placeholder theme--light"
              >
                <div
                  class="v-input__control"
                >
                  <div
                    class="v-input__slot"
                  >
                    <div
                      class="v-text-field__slot"
                    >
                      <input
                        placeholder="Name"
                        type="text"
                      />
                    </div>
                  </div>
                  <div
                    class="v-text-field__details"
                  >
                    <div
                      class="v-messages theme--light"
                    >
                      <div
                        class="v-messages__wrapper"
                      />
                    </div>
                  </div>
                </div>
              </div>
            </div>
             
            <div
              class="flex xs6 px-2"
            >
              <div
                class="mb-2 text-uppercase grey--text font-weight-bold"
              >
                
            Company
          
              </div>
               
              <div
                class="pt-4"
              >
                
            
          
              </div>
            </div>
             
            <div
              class="flex xs6 px-2"
            >
              <div
                class="mb-2 text-uppercase grey--text font-weight-bold"
              >
                
            Title
          
              </div>
               
              <div
                class="v-input v-text-field v-text-field--single-line v-text-field--enclosed v-text-field--outline v-text-field--placeholder theme--light"
              >
                <div
                  class="v-input__control"
                >
                  <div
                    class="v-input__slot"
                  >
                    <div
                      class="v-text-field__slot"
                    >
                      <input
                        placeholder="Name"
                        type="text"
                      />
                    </div>
                  </div>
                  <div
                    class="v-text-field__details"
                  >
                    <div
                      class="v-messages theme--light"
                    >
                      <div
                        class="v-messages__wrapper"
                      />
                    </div>
                  </div>
                </div>
              </div>
            </div>
          </div>
           
          <!---->
           
          <div
            class="layout row wrap"
          >
            <div
              class="flex xs6 px-2"
            >
              <div
                class="mb-2 text-uppercase grey--text font-weight-bold"
              >
                
            Email
          
              </div>
               
              <div
                class="v-input v-text-field v-text-field--single-line v-text-field--enclosed v-text-field--outline v-text-field--placeholder theme--light"
              >
                <div
                  class="v-input__control"
                >
                  <div
                    class="v-input__slot"
                  >
                    <div
                      class="v-text-field__slot"
                    >
                      <input
                        placeholder="Name"
                        type="text"
                      />
                    </div>
                  </div>
                  <div
                    class="v-text-field__details"
                  >
                    <div
                      class="v-messages theme--light"
                    >
                      <div
                        class="v-messages__wrapper"
                      />
                    </div>
                  </div>
                </div>
              </div>
            </div>
          </div>
           
          <div
            class="layout row wrap"
          >
            <div
              class="flex xs6 px-2"
            >
              <div
                class="mb-2 text-uppercase grey--text font-weight-bold"
              >
                
            Office phone
          
              </div>
               
              <div
                class="v-input v-text-field v-text-field--single-line v-text-field--enclosed v-text-field--outline v-text-field--placeholder theme--light"
              >
                <div
                  class="v-input__control"
                >
                  <div
                    class="v-input__slot"
                  >
                    <div
                      class="v-text-field__slot"
                    >
                      <input
                        placeholder="Name"
                        type="text"
                      />
                    </div>
                  </div>
                  <div
                    class="v-text-field__details"
                  >
                    <div
                      class="v-messages theme--light"
                    >
                      <div
                        class="v-messages__wrapper"
                      />
                    </div>
                  </div>
                </div>
              </div>
            </div>
             
            <div
              class="flex xs6 px-2"
            >
              <div
                class="mb-2 text-uppercase grey--text font-weight-bold"
              >
                
            Mobile phone
          
              </div>
               
              <div
                class="v-input v-text-field v-text-field--single-line v-text-field--enclosed v-text-field--outline v-text-field--placeholder theme--light"
              >
                <div
                  class="v-input__control"
                >
                  <div
                    class="v-input__slot"
                  >
                    <div
                      class="v-text-field__slot"
                    >
                      <input
                        placeholder="Name"
                        type="text"
                      />
                    </div>
                  </div>
                  <div
                    class="v-text-field__details"
                  >
                    <div
                      class="v-messages theme--light"
                    >
                      <div
                        class="v-messages__wrapper"
                      />
                    </div>
                  </div>
                </div>
              </div>
            </div>
          </div>
           
          <div
            class="layout row wrap"
          >
            <div
              class="flex xs3 px-1"
            >
              <button
                class="v-btn v-btn--depressed theme--light primary"
                type="button"
              >
                <div
                  class="v-btn__content"
                >
                  
            Change password
          
                </div>
              </button>
            </div>
          </div>
           
          <!---->
        </div>
         
        <div
          class="flex xs4 pl-4"
        >
          <div
            class="px-2 xs-12 md-4"
          >
            <div
              class="mb-2 text-uppercase grey--text font-weight-bold"
            >
              
          Profile picture
        
            </div>
             
            <input
              class="ff-profile-picture__image_input"
              type="file"
            />
             
            <div
              class="v-responsive v-image grey lighten-2"
            >
              <div
                class="v-image__image v-image__image--preload v-image__image--cover"
                mode="in-out"
                name="fade-transition"
                style="background-position: center center;"
              />
              <div
                class="v-responsive__content"
              />
            </div>
          </div>
           
          <div
            class="py-3 d-flex justify-space-between"
          >
            <button
              class="v-btn v-btn--depressed theme--light primary"
              type="button"
            >
              <div
                class="v-btn__content"
              >
                
          Upload Image
        
              </div>
            </button>
             
            <button
              class="v-btn v-btn--disabled v-btn--depressed theme--light"
              disabled="disabled"
              type="button"
            >
              <div
                class="v-btn__content"
              >
                
          Delete Image
        
              </div>
            </button>
          </div>
        </div>
      </div>
       
      <hr
        class="v-divider theme--light"
      />
       
      <div
        class="layout pa-3"
      >
        <div
          class="flex"
        >
          <button
            class="v-btn v-btn--depressed theme--light"
            type="button"
          >
            <div
              class="v-btn__content"
            >
              
        Cancel
      
            </div>
          </button>
           
          <button
            class="v-btn v-btn--depressed theme--light primary"
            type="button"
          >
            <div
              class="v-btn__content"
            >
              
        Save changes
      
            </div>
          </button>
        </div>
         
        <div
          class="flex text-xs-right"
        >
          <button
            class="v-btn v-btn--depressed theme--light"
            type="button"
          >
            <div
              class="v-btn__content"
            >
              
        Delete account
      
            </div>
          </button>
        </div>
      </div>
    </div>
  </div>
   
  <div
    class="flex xs12 mb-4"
  >
    <div
      class="v-card v-sheet theme--light"
    >
      <div
        class="v-card__title"
      >
        <h3
          class="grey--text"
        >
          
      Notification settings
    
        </h3>
         
        <!---->
      </div>
       
      <hr
        class="v-divider theme--light"
      />
       
      <div
        class="layout pa-4 row wrap"
      >
        <div>
          Coming Soon
        </div>
      </div>
    </div>
  </div>
</div>
`;
