// Jest Snapshot v1, https://goo.gl/fbAQLP

exports[`Admin Docs Page Mount snapshot 1`] = `
<div>
  <v-flex-stub
    align-center=""
    d-flex=""
    justify-space-between=""
    ma-2=""
    tag="div"
  >
    <h2
      class="white--text"
    >
      
      Document List
    
    </h2>
     
    <v-flex-stub
      tag="div"
      text-xs-right=""
    >
      <v-btn-stub
        activeclass="v-btn--active"
        color="primary"
        dark="true"
        slot="activator"
        tag="button"
        type="button"
      >
        
        Add New Content
      
      </v-btn-stub>
    </v-flex-stub>
  </v-flex-stub>
   
  <v-divider-stub />
   
  <br />
   
  <doc-filter-stub
    autocompleteurl=""
    sortables="[object Object],[object Object],[object Object],[object Object]"
    statuses=""
    types=""
  />
   
  <doctable-list-stub
    docs=""
    page="1"
    rowsperpage="10"
    rowsperpageitems="5,10,15,25,30,50"
    sortby=""
    statuses=""
    totalitems="50"
  />
   
  <v-dialog-stub
    contentclass=""
    maxwidth="500"
    origin="center center"
    transition="dialog-transition"
    width="auto"
  >
    <simple-confirm-stub
      cancellabel="No"
      class=""
      oklabel="Yes"
      title="Are you sure you want to delete this document?"
    >
      <div
        class="py-5 px-2"
      >
        <p
          class="subheading"
        >
          <span>
            Document
          </span>
          
            : 
          
        </p>
      </div>
    </simple-confirm-stub>
  </v-dialog-stub>
</div>
`;
