// Jest Snapshot v1, https://goo.gl/fbAQLP

exports[`EventStatusTimeline Snapshots Default 1`] = `
<div
  class="container white"
>
  <div
    class="v-timeline v-timeline--align-top v-timeline--dense theme--light"
  />
</div>
`;

exports[`EventStatusTimeline Snapshots Populated 1`] = `
<div
  class="container white"
>
  <div
    class="v-timeline v-timeline--align-top v-timeline--dense theme--light"
  >
    <div
      class="v-timeline-item theme--light"
      medium=""
    >
      <div
        class="v-timeline-item__dot"
      >
        <div
          class="v-timeline-item__inner-dot success"
        >
          <i
            aria-hidden="true"
            class="v-icon material-icons theme--dark"
          >
            check_circle_outline
          </i>
        </div>
      </div>
      <div
        class="v-timeline-item__body"
      >
        <div
          class="ff-event_status_timeline__item"
        >
          <div>
            <strong>
              Aug. 18
            </strong>
             
            <p
              class="caption mb-2"
            >
              
          09:54 PM
        
            </p>
          </div>
           
          <div>
            <strong>
              Draft
            </strong>
             
            <div
              class="caption"
            >
              
          Event was created in the system and submitted for approval
        
            </div>
          </div>
        </div>
      </div>
    </div>
    <div
      class="v-timeline-item theme--light"
      medium=""
    >
      <div
        class="v-timeline-item__dot"
      >
        <div
          class="v-timeline-item__inner-dot success"
        >
          <i
            aria-hidden="true"
            class="v-icon material-icons theme--dark"
          >
            check_circle_outline
          </i>
        </div>
      </div>
      <div
        class="v-timeline-item__body"
      >
        <div
          class="ff-event_status_timeline__item"
        >
          <div>
            <strong>
              Aug. 19
            </strong>
             
            <p
              class="caption mb-2"
            >
              
          09:58 PM
        
            </p>
          </div>
           
          <div>
            <strong>
              FF Initial Review
            </strong>
             
            <div
              class="caption"
            >
              
          Food Fleet Staff will review the event request
        
            </div>
          </div>
        </div>
      </div>
    </div>
    <div
      class="v-timeline-item theme--light"
      medium=""
    >
      <div
        class="v-timeline-item__dot"
      >
        <div
          class="v-timeline-item__inner-dot success"
        >
          <i
            aria-hidden="true"
            class="v-icon material-icons theme--dark"
          >
            check_circle_outline
          </i>
        </div>
      </div>
      <div
        class="v-timeline-item__body"
      >
        <div
          class="ff-event_status_timeline__item"
        >
          <div>
            <strong>
              Aug. 20
            </strong>
             
            <p
              class="caption mb-2"
            >
              
          09:58 PM
        
            </p>
          </div>
           
          <div>
            <strong>
              Customer Agreement
            </strong>
             
            <div
              class="caption"
            >
              
          Customer will review / sign event agreement and terms
        
            </div>
          </div>
        </div>
      </div>
    </div>
    <div
      class="v-timeline-item theme--light"
      medium=""
    >
      <div
        class="v-timeline-item__dot"
      >
        <div
          class="v-timeline-item__inner-dot warning lighten-2"
        />
      </div>
      <div
        class="v-timeline-item__body"
      >
        <div
          class="ff-event_status_timeline__item"
        >
          <div>
            <strong>
              Aug. 21
            </strong>
             
            <p
              class="caption mb-2"
            >
              
          09:58 PM
        
            </p>
          </div>
           
          <div>
            <strong>
              Fleet Member Selection
            </strong>
             
            <div
              class="caption"
            >
              
          FoodFleet will define event menu and identify interested Fleet Members and authorize work order
        
            </div>
          </div>
        </div>
      </div>
    </div>
  </div>
</div>
`;
