// Jest Snapshot v1, https://goo.gl/fbAQLP

exports[`Admin Financial Reports Page Mount snapshot 1`] = `
<div>
  <v-dialog-stub
    contentclass="right-dialog"
    maxwidth="436"
    origin="center center"
    scrollable="true"
    transition="dialog-transition"
    width="auto"
  >
    <advanced-filter-stub
      advancedfilters="[object Object]"
      basefilters="[object Object]"
      devices=""
      maxwidthbottomrow="422"
      paymenttypes=""
    />
  </v-dialog-stub>
   
  <v-layout-stub
    row=""
    tag="div"
    wrap=""
  >
    <v-flex-stub
      align-center=""
      d-inline-flex=""
      ma-2=""
      tag="div"
    >
      <h2>
        Financial Reports
      </h2>
    </v-flex-stub>
     
    <v-flex-stub
      tag="div"
      text-xs-right=""
    >
      <v-btn-stub
        activeclass="v-btn--active"
        color="primary"
        dark="true"
        tag="button"
        type="button"
      >
        
        Advanced Filters
      
      </v-btn-stub>
    </v-flex-stub>
  </v-layout-stub>
   
  <v-divider-stub />
   
  <br />
   
  <v-card-stub
    class="pa-4"
    tag="div"
  >
    <basic-filter-stub
      filters="[object Object]"
    />
  </v-card-stub>
   
  <v-layout-stub
    px-5=""
    py-2=""
    row=""
    tag="div"
  >
    <v-flex-stub
      tag="div"
    >
      <v-card-stub
        tag="div"
      >
        <v-card-title-stub>
          <p
            class="font-weight-bold mt-3"
          >
            
            Your Saved Financial Reports
          
          </p>
        </v-card-title-stub>
         
        <reportable-filter-stub />
         
        <reportable-list-stub
          baseurl="/admin/transactions"
          must-sort=""
          page="1"
          reportables="[object Object],[object Object],[object Object],[object Object],[object Object],[object Object],[object Object]"
          rowsperpage="10"
          rowsperpageitems="5,10,15,25,30,50"
          selectables="[object Object]"
          sortby=""
          totalitems="0"
        />
      </v-card-stub>
    </v-flex-stub>
  </v-layout-stub>
   
  <v-dialog-stub
    contentclass=""
    maxwidth="500"
    origin="center center"
    transition="dialog-transition"
    width="auto"
  >
    <simple-confirm-stub
      cancellabel="No"
      class=""
      oklabel="Yes"
      title="Are you sure you want to delete this report?"
    >
      <div
        class="py-5 px-2"
      >
        <p
          class="subheading"
        >
          <span>
            Report
          </span>
          
            : 
          
        </p>
      </div>
    </simple-confirm-stub>
  </v-dialog-stub>
</div>
`;
