// Jest Snapshot v1, https://goo.gl/fbAQLP

exports[`components/doc-templates/CreateUpdate Snapshots edit 1`] = `
<div>
  <div
    class="layout px-4 pt4 column"
  >
    <div
      class="flex"
    >
      <button
        class="mx-0 v-btn v-btn--flat v-btn--small theme--light"
        type="button"
      >
        <div
          class="v-btn__content"
        >
          <div
            class="d-flex align-content-center white--text"
          >
            <i
              aria-hidden="true"
              class="v-icon fas fa-arrow-left theme--light"
            />
             
            <span
              class="mx-3"
              style="line-height: 1.60rem;"
            >
              Return to template list
            </span>
          </div>
        </div>
      </button>
    </div>
     
    <div
      class="flex d-flex justify-space-between align-content-center my-3"
    >
      <div
        class="white--text headline"
      >
        
        New Document template
      
      </div>
    </div>
     
    <div
      class="flex mt-5"
    >
      <div
        class="layout row wrap"
      >
        <div
          class="flex xs12 sm12 md8 xl9"
        >
          <div
            class="ml-2 mt-2 v-card v-sheet theme--light"
          >
            <div
              class="v-card__title"
            >
              <h3
                class="grey--text"
              >
                
          Basic Information
        
              </h3>
               
              <!---->
            </div>
             
            <hr
              class="v-divider theme--light"
            />
             
            <div
              class="v-card__text"
            >
              <div>
                <div
                  class="flex xs12"
                >
                  <div
                    class="mb-2 text-uppercase grey--text font-weight-bold"
                  >
                    
              Title
            
                  </div>
                   
                  <div
                    class="v-input v-text-field v-text-field--single-line v-text-field--enclosed v-text-field--outline v-text-field--placeholder theme--light"
                  >
                    <div
                      class="v-input__control"
                    >
                      <div
                        class="v-input__slot"
                      >
                        <div
                          class="v-text-field__slot"
                        >
                          <input
                            placeholder="Title"
                            type="text"
                          />
                        </div>
                      </div>
                      <div
                        class="v-text-field__details"
                      >
                        <div
                          class="v-messages theme--light"
                        >
                          <div
                            class="v-messages__wrapper"
                          />
                        </div>
                      </div>
                    </div>
                  </div>
                </div>
                 
                <div
                  class="flex xs12"
                >
                  <div
                    class="mb-2 text-uppercase grey--text font-weight-bold"
                  >
                    
              Short description
            
                  </div>
                   
                  <div
                    class="v-input v-text-field v-text-field--single-line v-text-field--enclosed v-text-field--outline v-text-field--placeholder theme--light"
                  >
                    <div
                      class="v-input__control"
                    >
                      <div
                        class="v-input__slot"
                      >
                        <div
                          class="v-text-field__slot"
                        >
                          <input
                            placeholder="Short description"
                            type="text"
                          />
                        </div>
                      </div>
                      <div
                        class="v-text-field__details"
                      >
                        <div
                          class="v-messages theme--light"
                        >
                          <div
                            class="v-messages__wrapper"
                          />
                        </div>
                      </div>
                    </div>
                  </div>
                </div>
                 
                <div
                  class="flex xs12"
                >
                  <div
                    class="mb-2 text-uppercase grey--text font-weight-bold"
                  >
                    
              Content
            
                  </div>
                   
                  <div
                    class="editor"
                  >
                    <div
                      class="menubar"
                    >
                      <button
                        class="menubar__button"
                      >
                        
        H1
      
                      </button>
                       
                      <button
                        class="menubar__button"
                      >
                        
        H2
      
                      </button>
                       
                      <button
                        class="menubar__button"
                      >
                        
        H3
      
                      </button>
                       
                      <button
                        class="v-btn v-btn--icon v-btn--depressed theme--light"
                        type="button"
                      >
                        <div
                          class="v-btn__content"
                        >
                          <i
                            aria-hidden="true"
                            class="v-icon material-icons theme--light"
                          >
                            format_bold
                          </i>
                        </div>
                      </button>
                       
                      <button
                        class="v-btn v-btn--icon v-btn--depressed theme--light"
                        type="button"
                      >
                        <div
                          class="v-btn__content"
                        >
                          <i
                            aria-hidden="true"
                            class="v-icon material-icons theme--light"
                          >
                            format_italic
                          </i>
                        </div>
                      </button>
                       
                      <button
                        class="v-btn v-btn--icon v-btn--depressed theme--light"
                        type="button"
                      >
                        <div
                          class="v-btn__content"
                        >
                          <i
                            aria-hidden="true"
                            class="v-icon material-icons theme--light"
                          >
                            format_underlined
                          </i>
                        </div>
                      </button>
                    </div>
                     
                    <div
                      class="editor__content pa-3"
                    >
                      <div
                        class="ProseMirror"
                        contenteditable="true"
                        tabindex="0"
                      >
                        <p>
                          <br />
                        </p>
                      </div>
                    </div>
                  </div>
                </div>
              </div>
            </div>
             
            <div
              class="v-card__actions"
            >
              <button
                class="v-btn v-btn--depressed theme--light"
                type="button"
              >
                <div
                  class="v-btn__content"
                >
                  
          Cancel
        
                </div>
              </button>
               
              <button
                class="v-btn v-btn--depressed theme--light primary"
                type="button"
              >
                <div
                  class="v-btn__content"
                >
                  
          Submit
        
                </div>
              </button>
               
              <div
                class="spacer"
              />
               
              <button
                class="v-btn v-btn--depressed theme--light"
                type="button"
              >
                <div
                  class="v-btn__content"
                >
                  
          Delete
        
                </div>
              </button>
            </div>
          </div>
        </div>
         
        <div
          class="flex xs12 sm12 md4 xl3"
        >
          <div
            class="ml-2 mt-2 v-card v-sheet theme--light"
          >
            <div
              class="v-card__text"
            >
              <!---->
               
              <!---->
               
              <div
                class="v-input v-text-field v-text-field--single-line v-text-field--enclosed v-text-field--outline v-select theme--light"
                role="combobox"
              >
                <div
                  class="v-input__control"
                >
                  <div
                    class="v-input__slot"
                  >
                    <div
                      class="v-select__slot"
                    >
                      <div
                        class="v-select__selections"
                      >
                        <input
                          aria-readonly="false"
                          autocomplete="on"
                          readonly="readonly"
                          type="text"
                        />
                      </div>
                      <div
                        class="v-input__append-inner"
                      >
                        <div
                          class="v-input__icon v-input__icon--append"
                        >
                          <i
                            aria-hidden="true"
                            class="v-icon material-icons theme--light"
                          >
                            arrow_drop_down
                          </i>
                        </div>
                      </div>
                    </div>
                    <div
                      class="v-menu"
                    >
                      <div
                        class="v-menu__content theme--light "
                        style="max-height: 300px; min-width: 0px; max-width: auto; top: 12px; left: 0px; transform-origin: top left; z-index: 0; display: none;"
                      >
                        <div
                          class="v-select-list v-card theme--light"
                        >
                          <div
                            class="v-list theme--light"
                            role="list"
                          >
                            <div
                              role="listitem"
                            >
                              <div
                                class="v-list__tile theme--light"
                              >
                                <div
                                  class="v-list__tile__content"
                                >
                                  <div
                                    class="v-list__tile__title"
                                  >
                                    No data available
                                  </div>
                                </div>
                              </div>
                            </div>
                          </div>
                        </div>
                      </div>
                    </div>
                  </div>
                  <div
                    class="v-text-field__details"
                  >
                    <div
                      class="v-messages theme--light"
                    >
                      <div
                        class="v-messages__wrapper"
                      />
                    </div>
                  </div>
                </div>
              </div>
            </div>
             
            <div
              class="v-card__actions"
            >
              <div
                class="layout text-xs-center row wrap"
              >
                <div
                  class="flex mb-2 xs12"
                >
                  <button
                    class="v-btn v-btn--block v-btn--depressed theme--light primary"
                    type="button"
                  >
                    <div
                      class="v-btn__content"
                    >
                      
              Submit
            
                    </div>
                  </button>
                </div>
                 
                <div
                  class="flex mb-2 xs12"
                >
                  <button
                    class="v-btn v-btn--block v-btn--disabled v-btn--depressed theme--light"
                    disabled="disabled"
                    type="button"
                  >
                    <div
                      class="v-btn__content"
                    >
                      
              Preview
            
                    </div>
                  </button>
                </div>
                 
                <div
                  class="flex xs12"
                >
                  <!---->
                </div>
              </div>
            </div>
          </div>
        </div>
      </div>
    </div>
  </div>
   
  <!---->
</div>
`;

exports[`components/doc-templates/CreateUpdate Snapshots new 1`] = `
<div>
  <div
    class="layout px-4 pt4 column"
  >
    <div
      class="flex"
    >
      <button
        class="mx-0 v-btn v-btn--flat v-btn--small theme--light"
        type="button"
      >
        <div
          class="v-btn__content"
        >
          <div
            class="d-flex align-content-center white--text"
          >
            <i
              aria-hidden="true"
              class="v-icon fas fa-arrow-left theme--light"
            />
             
            <span
              class="mx-3"
              style="line-height: 1.60rem;"
            >
              Return to template list
            </span>
          </div>
        </div>
      </button>
    </div>
     
    <div
      class="flex d-flex justify-space-between align-content-center my-3"
    >
      <div
        class="white--text headline"
      >
        
        New Document template
      
      </div>
    </div>
     
    <div
      class="flex mt-5"
    >
      <div
        class="layout row wrap"
      >
        <div
          class="flex xs12 sm12 md8 xl9"
        >
          <div
            class="ml-2 mt-2 v-card v-sheet theme--light"
          >
            <div
              class="v-card__title"
            >
              <h3
                class="grey--text"
              >
                
          Basic Information
        
              </h3>
               
              <!---->
            </div>
             
            <hr
              class="v-divider theme--light"
            />
             
            <div
              class="v-card__text"
            >
              <div>
                <div
                  class="flex xs12"
                >
                  <div
                    class="mb-2 text-uppercase grey--text font-weight-bold"
                  >
                    
              Title
            
                  </div>
                   
                  <div
                    class="v-input v-text-field v-text-field--single-line v-text-field--enclosed v-text-field--outline v-text-field--placeholder theme--light"
                  >
                    <div
                      class="v-input__control"
                    >
                      <div
                        class="v-input__slot"
                      >
                        <div
                          class="v-text-field__slot"
                        >
                          <input
                            placeholder="Title"
                            type="text"
                          />
                        </div>
                      </div>
                      <div
                        class="v-text-field__details"
                      >
                        <div
                          class="v-messages theme--light"
                        >
                          <div
                            class="v-messages__wrapper"
                          />
                        </div>
                      </div>
                    </div>
                  </div>
                </div>
                 
                <div
                  class="flex xs12"
                >
                  <div
                    class="mb-2 text-uppercase grey--text font-weight-bold"
                  >
                    
              Short description
            
                  </div>
                   
                  <div
                    class="v-input v-text-field v-text-field--single-line v-text-field--enclosed v-text-field--outline v-text-field--placeholder theme--light"
                  >
                    <div
                      class="v-input__control"
                    >
                      <div
                        class="v-input__slot"
                      >
                        <div
                          class="v-text-field__slot"
                        >
                          <input
                            placeholder="Short description"
                            type="text"
                          />
                        </div>
                      </div>
                      <div
                        class="v-text-field__details"
                      >
                        <div
                          class="v-messages theme--light"
                        >
                          <div
                            class="v-messages__wrapper"
                          />
                        </div>
                      </div>
                    </div>
                  </div>
                </div>
                 
                <div
                  class="flex xs12"
                >
                  <div
                    class="mb-2 text-uppercase grey--text font-weight-bold"
                  >
                    
              Content
            
                  </div>
                   
                  <div
                    class="editor"
                  >
                    <div
                      class="menubar"
                    >
                      <button
                        class="menubar__button"
                      >
                        
        H1
      
                      </button>
                       
                      <button
                        class="menubar__button"
                      >
                        
        H2
      
                      </button>
                       
                      <button
                        class="menubar__button"
                      >
                        
        H3
      
                      </button>
                       
                      <button
                        class="v-btn v-btn--icon v-btn--depressed theme--light"
                        type="button"
                      >
                        <div
                          class="v-btn__content"
                        >
                          <i
                            aria-hidden="true"
                            class="v-icon material-icons theme--light"
                          >
                            format_bold
                          </i>
                        </div>
                      </button>
                       
                      <button
                        class="v-btn v-btn--icon v-btn--depressed theme--light"
                        type="button"
                      >
                        <div
                          class="v-btn__content"
                        >
                          <i
                            aria-hidden="true"
                            class="v-icon material-icons theme--light"
                          >
                            format_italic
                          </i>
                        </div>
                      </button>
                       
                      <button
                        class="v-btn v-btn--icon v-btn--depressed theme--light"
                        type="button"
                      >
                        <div
                          class="v-btn__content"
                        >
                          <i
                            aria-hidden="true"
                            class="v-icon material-icons theme--light"
                          >
                            format_underlined
                          </i>
                        </div>
                      </button>
                    </div>
                     
                    <div
                      class="editor__content pa-3"
                    >
                      <div
                        class="ProseMirror"
                        contenteditable="true"
                        tabindex="0"
                      >
                        <p>
                          <br />
                        </p>
                      </div>
                    </div>
                  </div>
                </div>
              </div>
            </div>
             
            <div
              class="v-card__actions"
            >
              <button
                class="v-btn v-btn--depressed theme--light"
                type="button"
              >
                <div
                  class="v-btn__content"
                >
                  
          Cancel
        
                </div>
              </button>
               
              <button
                class="v-btn v-btn--depressed theme--light primary"
                type="button"
              >
                <div
                  class="v-btn__content"
                >
                  
          Submit
        
                </div>
              </button>
               
              <div
                class="spacer"
              />
               
              <button
                class="v-btn v-btn--depressed theme--light"
                type="button"
              >
                <div
                  class="v-btn__content"
                >
                  
          Delete
        
                </div>
              </button>
            </div>
          </div>
        </div>
         
        <div
          class="flex xs12 sm12 md4 xl3"
        >
          <div
            class="ml-2 mt-2 v-card v-sheet theme--light"
          >
            <div
              class="v-card__text"
            >
              <!---->
               
              <!---->
               
              <div
                class="v-input v-text-field v-text-field--single-line v-text-field--enclosed v-text-field--outline v-select theme--light"
                role="combobox"
              >
                <div
                  class="v-input__control"
                >
                  <div
                    class="v-input__slot"
                  >
                    <div
                      class="v-select__slot"
                    >
                      <div
                        class="v-select__selections"
                      >
                        <input
                          aria-readonly="false"
                          autocomplete="on"
                          readonly="readonly"
                          type="text"
                        />
                      </div>
                      <div
                        class="v-input__append-inner"
                      >
                        <div
                          class="v-input__icon v-input__icon--append"
                        >
                          <i
                            aria-hidden="true"
                            class="v-icon material-icons theme--light"
                          >
                            arrow_drop_down
                          </i>
                        </div>
                      </div>
                    </div>
                    <div
                      class="v-menu"
                    >
                      <div
                        class="v-menu__content theme--light "
                        style="max-height: 300px; min-width: 0px; max-width: auto; top: 12px; left: 0px; transform-origin: top left; z-index: 0; display: none;"
                      >
                        <div
                          class="v-select-list v-card theme--light"
                        >
                          <div
                            class="v-list theme--light"
                            role="list"
                          >
                            <div
                              role="listitem"
                            >
                              <div
                                class="v-list__tile theme--light"
                              >
                                <div
                                  class="v-list__tile__content"
                                >
                                  <div
                                    class="v-list__tile__title"
                                  >
                                    No data available
                                  </div>
                                </div>
                              </div>
                            </div>
                          </div>
                        </div>
                      </div>
                    </div>
                  </div>
                  <div
                    class="v-text-field__details"
                  >
                    <div
                      class="v-messages theme--light"
                    >
                      <div
                        class="v-messages__wrapper"
                      />
                    </div>
                  </div>
                </div>
              </div>
            </div>
             
            <div
              class="v-card__actions"
            >
              <div
                class="layout text-xs-center row wrap"
              >
                <div
                  class="flex mb-2 xs12"
                >
                  <button
                    class="v-btn v-btn--block v-btn--depressed theme--light primary"
                    type="button"
                  >
                    <div
                      class="v-btn__content"
                    >
                      
              Submit
            
                    </div>
                  </button>
                </div>
                 
                <div
                  class="flex mb-2 xs12"
                >
                  <button
                    class="v-btn v-btn--block v-btn--disabled v-btn--depressed theme--light"
                    disabled="disabled"
                    type="button"
                  >
                    <div
                      class="v-btn__content"
                    >
                      
              Preview
            
                    </div>
                  </button>
                </div>
                 
                <div
                  class="flex xs12"
                >
                  <!---->
                </div>
              </div>
            </div>
          </div>
        </div>
      </div>
    </div>
  </div>
   
  <!---->
</div>
`;
