// Jest Snapshot v1, https://goo.gl/fbAQLP

exports[`Admin Financial Results Page Mount snapshot 1`] = `
<div>
  <div
    class="v-dialog__container"
    style="display: block;"
  >
    <div
      class="v-dialog__content"
      style="z-index: 0;"
      tabindex="-1"
    >
      <div
        class="v-dialog right-dialog v-dialog--scrollable"
        style="max-width: 436px; display: none;"
      />
    </div>
  </div>
   
  <div
    class="v-dialog__container"
    style="display: block;"
  >
    <div
      class="v-dialog__content"
      style="z-index: 0;"
      tabindex="-1"
    >
      <div
        class="v-dialog right-dialog v-dialog--scrollable"
        style="max-width: 436px; display: none;"
      />
    </div>
  </div>
   
  <div
    class="v-dialog__container"
    style="display: block;"
  >
    <div
      class="v-dialog__content"
      style="z-index: 0;"
      tabindex="-1"
    >
      <div
        class="v-dialog v-dialog--scrollable"
        style="max-width: 436px; display: none;"
      >
        <div
          class="v-card v-sheet theme--light"
        >
          <div
            class="v-card__title justify-space-between px-4"
          >
            <span
              class="black--text font-weight-bold title text-uppercase"
            >
              Save Report
            </span>
             
            <button
              class="mr-0 mt-2 small-btn v-btn v-btn--icon v-btn--large theme--light"
              type="button"
            >
              <div
                class="v-btn__content"
              >
                <i
                  aria-hidden="true"
                  class="v-icon grey--text far fa-times-circle theme--light"
                />
              </div>
            </button>
          </div>
           
          <hr />
           
          <div
            class="pa-4"
          >
            <form
              class="v-form"
              novalidate="novalidate"
            >
              <div
                class="layout row"
              >
                <div
                  class="flex sm12"
                >
                  <div
                    class="layout row justify-space-between my-2"
                  >
                    
            Title
            
                    <!---->
                  </div>
                   
                  <div
                    class="v-input v-text-field v-text-field--single-line v-text-field--solo v-text-field--enclosed theme--light"
                  >
                    <div
                      class="v-input__control"
                    >
                      <div
                        class="v-input__slot"
                      >
                        <div
                          class="v-text-field__slot"
                        >
                          <input
                            data-vv-name="name"
                            required="required"
                            type="text"
                          />
                        </div>
                      </div>
                      <div
                        class="v-text-field__details"
                      >
                        <div
                          class="v-messages theme--light"
                        >
                          <div
                            class="v-messages__wrapper"
                          />
                        </div>
                        <div
                          class="v-counter theme--light"
                        >
                          0 / 255
                        </div>
                      </div>
                    </div>
                  </div>
                </div>
              </div>
               
              <div
                class="layout row mb-2"
              >
                <div
                  class="flex sm6 pr-2"
                >
                  <div
                    class="layout row justify-space-between my-2"
                  >
                    
            Modifier 1
            
                    <!---->
                  </div>
                   
                  <div
                    class="v-input v-text-field v-text-field--single-line v-text-field--solo v-text-field--enclosed v-select v-input--hide-details v-input--is-label-active v-input--is-dirty theme--light"
                    role="combobox"
                  >
                    <div
                      class="v-input__control"
                    >
                      <div
                        class="v-input__slot"
                      >
                        <div
                          class="v-select__slot"
                        >
                          <div
                            class="v-select__selections"
                          >
                            <div
                              class="v-select__selection v-select__selection--comma"
                            >
                              None selected
                            </div>
                            <input
                              aria-readonly="false"
                              autocomplete="on"
                              readonly="readonly"
                              type="text"
                            />
                          </div>
                          <div
                            class="v-input__append-inner"
                          >
                            <div
                              class="v-input__icon v-input__icon--append"
                            >
                              <i
                                aria-hidden="true"
                                class="v-icon material-icons theme--light"
                              >
                                arrow_drop_down
                              </i>
                            </div>
                          </div>
                        </div>
                        <div
                          class="v-menu"
                        >
                          <div
                            class="v-menu__content theme--light "
                            style="max-height: 300px; min-width: 0px; max-width: auto; top: 12px; left: 0px; transform-origin: top left; z-index: 0; display: none;"
                          >
                            <div
                              class="v-select-list v-card theme--light"
                            >
                              <div
                                class="v-list theme--light"
                                role="list"
                              >
                                <div
                                  class="primary--text"
                                  role="listitem"
                                >
                                  <a
                                    class="v-list__tile v-list__tile--link v-list__tile--active theme--light primary--text"
                                  >
                                    <div
                                      class="v-list__tile__content"
                                    >
                                      <div
                                        class="v-list__tile__title"
                                      >
                                        None selected
                                      </div>
                                    </div>
                                  </a>
                                </div>
                              </div>
                            </div>
                          </div>
                        </div>
                      </div>
                    </div>
                  </div>
                </div>
                 
                <div
                  class="flex sm6 pl-2"
                >
                  <div
                    class="layout row justify-space-between my-2"
                  >
                    
            Modifier 2
            
                    <!---->
                  </div>
                   
                  <div
                    class="v-input v-text-field v-text-field--single-line v-text-field--solo v-text-field--enclosed v-select v-input--hide-details v-input--is-label-active v-input--is-dirty theme--light"
                    role="combobox"
                  >
                    <div
                      class="v-input__control"
                    >
                      <div
                        class="v-input__slot"
                      >
                        <div
                          class="v-select__slot"
                        >
                          <div
                            class="v-select__selections"
                          >
                            <div
                              class="v-select__selection v-select__selection--comma"
                            >
                              None selected
                            </div>
                            <input
                              aria-readonly="false"
                              autocomplete="on"
                              readonly="readonly"
                              type="text"
                            />
                          </div>
                          <div
                            class="v-input__append-inner"
                          >
                            <div
                              class="v-input__icon v-input__icon--append"
                            >
                              <i
                                aria-hidden="true"
                                class="v-icon material-icons theme--light"
                              >
                                arrow_drop_down
                              </i>
                            </div>
                          </div>
                        </div>
                        <div
                          class="v-menu"
                        >
                          <div
                            class="v-menu__content theme--light "
                            style="max-height: 300px; min-width: 0px; max-width: auto; top: 12px; left: 0px; transform-origin: top left; z-index: 0; display: none;"
                          >
                            <div
                              class="v-select-list v-card theme--light"
                            >
                              <div
                                class="v-list theme--light"
                                role="list"
                              >
                                <div
                                  class="primary--text"
                                  role="listitem"
                                >
                                  <a
                                    class="v-list__tile v-list__tile--link v-list__tile--active theme--light primary--text"
                                  >
                                    <div
                                      class="v-list__tile__content"
                                    >
                                      <div
                                        class="v-list__tile__title"
                                      >
                                        None selected
                                      </div>
                                    </div>
                                  </a>
                                </div>
                              </div>
                            </div>
                          </div>
                        </div>
                      </div>
                    </div>
                  </div>
                </div>
              </div>
               
              <div
                class="layout row mt-4 mb-2"
              >
                <div
                  class="flex"
                >
                  <button
                    class="ml-0 v-btn theme--light"
                    type="button"
                  >
                    <div
                      class="v-btn__content"
                    >
                      
            Cancel
          
                    </div>
                  </button>
                </div>
                 
                <div
                  class="flex texs-xs-right"
                >
                  <button
                    class="mr-0 right primary v-btn theme--light"
                    type="button"
                  >
                    <div
                      class="v-btn__content"
                    >
                      
            Save
          
                    </div>
                  </button>
                </div>
              </div>
            </form>
          </div>
        </div>
      </div>
    </div>
  </div>
   
  <div
    class="v-dialog__container"
    style="display: block;"
  >
    <div
      class="v-dialog__content"
      style="z-index: 0;"
      tabindex="-1"
    >
      <div
        class="v-dialog v-dialog--scrollable"
        style="max-width: 400px; display: none;"
      />
    </div>
  </div>
   
  <div
    class="layout row wrap pt-3"
  >
    <div
      class="flex d-inline-flex align-center ma-2"
    >
      <h2
        class="white--text"
      >
        
        Financial Reports
      
      </h2>
    </div>
     
    <div
      class="flex text-xs-right"
    >
      <button
        class="v-btn theme--dark primary"
        type="button"
      >
        <div
          class="v-btn__content"
        >
          
        Advanced Filters
      
        </div>
      </button>
       
      <button
        class="v-btn theme--dark primary"
        type="button"
      >
        <div
          class="v-btn__content"
        >
          
        Data Visibility
      
        </div>
      </button>
       
      <button
        class="v-btn theme--dark primary"
        type="button"
      >
        <div
          class="v-btn__content"
        >
          
        Save Report
      
        </div>
      </button>
       
      <button
        class="v-btn theme--dark primary"
        type="button"
      >
        <div
          class="v-btn__content"
        >
          
        Export
      
        </div>
      </button>
    </div>
  </div>
   
  <hr
    class="v-divider theme--light"
  />
   
  <br />
   
  <div
    class="pa-4 v-card v-sheet theme--light"
  />
   
  <div
    class="layout row px-5 py-2 wrap"
  >
    <div
      class="flex xs12 sm12 md6"
    >
      <div
        class="mx-2 v-card v-sheet theme--light"
      >
        <div
          class="v-card__title font-weight-bold subheading"
        >
          
          Total Sales / Time
        
        </div>
         
        <hr
          class="v-divider theme--light"
        />
         
        <!---->
      </div>
    </div>
     
    <div
      class="flex xs12 sm12 md3"
    >
      <div
        class="mx-2 v-card v-sheet theme--light"
      >
        <div
          class="v-card__title font-weight-bold subheading"
        >
          
          Total Sales
        
        </div>
         
        <hr
          class="v-divider theme--light"
        />
         
        <!---->
      </div>
    </div>
     
    <div
      class="flex xs12 sm12 md3"
    >
      <div
        class="mx-2 v-card v-sheet theme--light"
      >
        <div
          class="v-card__title font-weight-bold subheading"
        >
          
          AVG. Ticket
        
        </div>
         
        <hr
          class="v-divider theme--light"
        />
         
        <!---->
      </div>
       
      <div
        class="mx-2 mt-2 v-card v-sheet theme--light"
      >
        <div
          class="v-card__title font-weight-bold subheading"
        >
          
          Sales By Method
        
        </div>
         
        <hr
          class="v-divider theme--light"
        />
         
        <!---->
      </div>
    </div>
  </div>
   
  <div
    class="layout row px-5 py-4"
  >
    <div
      class="flex"
    >
      <div
        class="v-card v-sheet theme--light"
      >
        <div
          class="v-card__title"
        >
          <div
            class="layout"
          >
            <div
              class="flex xs12 sm6"
            >
              <p
                class="font-weight-bold mt-3"
              >
                
                Showing 0 Results
              
              </p>
            </div>
             
            <div
              class="flex xs12 sm6"
            >
              <p
                class="mt-3 text-sm-right"
              >
                
                Tip: use the 
                <a
                  class="primary--text underline"
                >
                   Data visibility
                
                </a>
                 settings to list specific parameters
              
              </p>
            </div>
          </div>
        </div>
         
        <!---->
      </div>
    </div>
  </div>
</div>
`;
