// Jest Snapshot v1, https://goo.gl/fbAQLP

exports[`components/venues/DocumentList Snapshots Empty 1`] = `
<div
  class="container"
>
  <div
    class="v-card v-sheet theme--light"
  >
    <div
      class="v-card__title justify-space-between px-4 py-1"
    >
      <span
        class="grey--text subheading font-weight-bold"
      >
        Company overview
      </span>
       
      <button
        class="v-btn v-btn--depressed theme--light primary"
        type="button"
      >
        <div
          class="v-btn__content"
        >
          
      View Details
    
        </div>
      </button>
    </div>
     
    <hr
      class="v-divider theme--light"
    />
     
    <div
      class="layout pa-4 align-center justify-center"
    >
      
    Empty company
  
    </div>
  </div>
</div>
`;

exports[`components/venues/DocumentList Snapshots Populated 1`] = `
<div
  class="container"
>
  <div
    class="v-card v-sheet theme--light"
  >
    <div
      class="v-card__title justify-space-between px-4 py-1"
    >
      <span
        class="grey--text subheading font-weight-bold"
      >
        Company overview
      </span>
       
      <button
        class="v-btn v-btn--depressed theme--light primary"
        type="button"
      >
        <div
          class="v-btn__content"
        >
          
      View Details
    
        </div>
      </button>
    </div>
     
    <hr
      class="v-divider theme--light"
    />
     
    <div
      class="layout pa-4 align-center justify-center"
    >
      
    Empty company
  
    </div>
  </div>
</div>
`;
