// Jest Snapshot v1, https://goo.gl/fbAQLP

exports[`Add member (store) in event component Snapshot defaults 1`] = `
<div>
  <div
    class="px-4 pt-4"
  >
    <v-text-field-stub
      label="Search by Fleet Member name"
      outline=""
      single-line=""
      value=""
    />
     
    <div>
      <div
        class="pb-4"
      >
        <button
          style="font-weight: bold; color: lightslategray; outline: 0;"
        >
          
          Show Filters
        
        </button>
      </div>
       
      <div
        style="display: none;"
      >
        <v-layout-stub
          row=""
          tag="div"
          wrap=""
        >
          <v-flex-stub
            pr-2=""
            sm3=""
            tag="div"
          >
            <v-select-stub
              item-text="name"
              item-value="uuid"
              items="[object Object]"
              label="State of incorporation"
              outline=""
              single-line=""
              value=""
            />
          </v-flex-stub>
           
          <v-flex-stub
            pr-2=""
            sm3=""
            tag="div"
          >
            <v-select-stub
              item-text="name"
              item-value="id"
              items="[object Object]"
              label="Type"
              outline=""
              single-line=""
              value=""
            />
          </v-flex-stub>
           
          <v-flex-stub
            pr-2=""
            sm3=""
            tag="div"
          >
            <v-select-stub
              item-text="name"
              item-value="uuid"
              items=""
              label="Tags"
              multiple="true"
              outline=""
              single-line=""
              value=""
            />
          </v-flex-stub>
           
          <v-flex-stub
            sm3=""
            tag="div"
          >
            <v-btn-stub
              activeclass="v-btn--active"
              depressed="true"
              large="true"
              tag="button"
              type="button"
            >
              
              Clear all filters
            
            </v-btn-stub>
          </v-flex-stub>
        </v-layout-stub>
      </div>
    </div>
  </div>
   
  <div
    class="px-4"
    style="border-top: 1px solid gainsboro;"
  >
    <v-data-table-stub
      customfilter="function _default(items, search, filter, headers) {
                search = search.toString().toLowerCase();
                if (search.trim() === '') return items;
                var props = headers.map(function (h) {
                    return h.value;
                });
                return items.filter(function (item) {
                    return props.some(function (prop) {
                        return filter(Object(_util_helpers__WEBPACK_IMPORTED_MODULE_7__[\\"getObjectValueByPath\\"])(item, prop, item[prop]), search);
                    });
                });
            }"
      customsort="function _default(items, index, isDescending) {
                if (index === null) return items;
                return items.sort(function (a, b) {
                    var _a, _b;
                    var sortA = Object(_util_helpers__WEBPACK_IMPORTED_MODULE_6__[\\"getObjectValueByPath\\"])(a, index);
                    var sortB = Object(_util_helpers__WEBPACK_IMPORTED_MODULE_6__[\\"getObjectValueByPath\\"])(b, index);
                    if (isDescending) {
                        _a = __read([sortB, sortA], 2), sortA = _a[0], sortB = _a[1];
                    }
                    // Check if both are numbers
                    if (!isNaN(sortA) && !isNaN(sortB)) {
                        return sortA - sortB;
                    }
                    // Check if both cannot be evaluated
                    if (sortA === null && sortB === null) {
                        return 0;
                    }
                    _b = __read([sortA, sortB].map(function (s) {
                        return (s || '').toString().toLocaleLowerCase();
                    }), 2), sortA = _b[0], sortB = _b[1];
                    if (sortA > sortB) return 1;
                    if (sortA < sortB) return -1;
                    return 0;
                });
            }"
      filter="function _default(val, search) {
                return val != null && typeof val !== 'boolean' && val.toString().toLowerCase().indexOf(search) !== -1;
            }"
      headers="[object Object],[object Object],[object Object],[object Object]"
      headertext="text"
      hideactions="true"
      itemkey="uuid"
      items=""
      nexticon="$vuetify.icons.next"
      nodatatext="$vuetify.noDataText"
      noresultstext="$vuetify.dataIterator.noResultsText"
      pagination="[object Object]"
      previcon="$vuetify.icons.prev"
      rowsperpageitems="5,10,25,[object Object]"
      rowsperpagetext="$vuetify.dataTable.rowsPerPageText"
      search=""
      selectall="true"
      sorticon="$vuetify.icons.sort"
      value=""
    />
     
    <div
      class="text-xs-center pt-2"
    >
      <v-pagination-stub
        length="0"
        nexticon="$vuetify.icons.next"
        previcon="$vuetify.icons.prev"
        value="1"
      />
    </div>
  </div>
</div>
`;
