// Jest Snapshot v1, https://goo.gl/fbAQLP

exports[`Event StatusSelect component Visuals options set 1`] = `
<div
  class="v-menu"
>
  <button
    class="v-btn theme--dark grey grey-text--text"
    type="button"
  >
    <div
      class="v-btn__content"
    >
      
  Draft
 
      <i
        aria-hidden="true"
        class="v-icon v-icon--right material-icons theme--dark"
      >
        arrow_drop_down
      </i>
    </div>
  </button>
  <div
    class="v-menu__content theme--light "
    style="max-height: auto; min-width: 0px; max-width: auto; top: 12px; left: 0px; transform-origin: top left; z-index: 0; display: none;"
  >
     
    <div
      class="v-list theme--light"
      role="list"
    >
      <div
        role="listitem"
      >
        <a
          class="v-list__tile v-list__tile--link theme--light"
        >
          <div
            class="v-list__tile__title"
          >
            Draft
          </div>
        </a>
      </div>
      <div
        role="listitem"
      >
        <a
          class="v-list__tile v-list__tile--link theme--light"
        >
          <div
            class="v-list__tile__title"
          >
            FF Initial Review
          </div>
        </a>
      </div>
      <div
        role="listitem"
      >
        <a
          class="v-list__tile v-list__tile--link theme--light"
        >
          <div
            class="v-list__tile__title"
          >
            Customer Agreement
          </div>
        </a>
      </div>
      <div
        role="listitem"
      >
        <a
          class="v-list__tile v-list__tile--link theme--light"
        >
          <div
            class="v-list__tile__title"
          >
            Fleet Member Selection
          </div>
        </a>
      </div>
      <div
        role="listitem"
      >
        <a
          class="v-list__tile v-list__tile--link theme--light"
        >
          <div
            class="v-list__tile__title"
          >
            Customer Review
          </div>
        </a>
      </div>
      <div
        role="listitem"
      >
        <a
          class="v-list__tile v-list__tile--link theme--light"
        >
          <div
            class="v-list__tile__title"
          >
            Fleet Member Contracts
          </div>
        </a>
      </div>
      <div
        role="listitem"
      >
        <a
          class="v-list__tile v-list__tile--link theme--light"
        >
          <div
            class="v-list__tile__title"
          >
            Confirmed
          </div>
        </a>
      </div>
      <div
        role="listitem"
      >
        <a
          class="v-list__tile v-list__tile--link theme--light"
        >
          <div
            class="v-list__tile__title"
          >
            Cancelled
          </div>
        </a>
      </div>
      <div
        role="listitem"
      >
        <a
          class="v-list__tile v-list__tile--link theme--light"
        >
          <div
            class="v-list__tile__title"
          >
            Past
          </div>
        </a>
      </div>
    </div>
  </div>
</div>
`;
