// Jest Snapshot v1, https://goo.gl/fbAQLP

exports[`BasicFilter Snapshots defaults 1`] = `
<div
  class="layout row wrap"
>
  <div
    class="flex sm2"
  >
    <div
      class="layout row justify-space-between mb-2"
    >
      
      Events
      
      <!---->
    </div>
     
    <div
      background-color="white"
      class="v-input mt-0 pt-0 v-text-field v-text-field--placeholder v-select v-autocomplete v-input--hide-details theme--light"
      height="48"
    >
      <div
        class="v-input__control"
      >
        <div
          class="v-input__slot white"
          style="height: 48px;"
        >
          <div
            class="v-select__slot"
          >
            <input
              aria-label=""
              autocomplete="off"
              placeholder="All Events"
              role="combobox"
              type="text"
            />
            <div
              class="v-input__append-inner"
            >
              <div
                class="v-input__icon v-input__icon--"
              >
                <i
                  aria-hidden="true"
                  class="v-icon v-icon--link material-icons theme--light"
                />
              </div>
            </div>
            <div
              class="v-input__append-inner"
            >
              <div
                class="v-input__icon v-input__icon--append"
              >
                <i
                  aria-hidden="true"
                  class="v-icon material-icons theme--light"
                >
                  arrow_drop_down
                </i>
              </div>
            </div>
          </div>
          <div
            class="v-menu"
          >
            <div
              class="v-menu__content theme--light v-autocomplete__content"
              style="max-height: 300px; min-width: 0px; max-width: auto; top: 12px; left: 0px; transform-origin: top left; z-index: 0; display: none;"
            >
              <div
                class="v-select-list v-card theme--light"
              >
                <div
                  class="v-list theme--light"
                  role="list"
                >
                  <div
                    role="listitem"
                  >
                    <div
                      class="v-list__tile theme--light"
                    >
                      <div
                        class="v-list__tile__content"
                      >
                        <div
                          class="v-list__tile__title"
                        >
                          No data available
                        </div>
                      </div>
                    </div>
                  </div>
                </div>
              </div>
            </div>
          </div>
        </div>
      </div>
    </div>
  </div>
   
  <div
    class="flex sm2 px-2"
  >
    <div
      class="layout row justify-space-between mb-2"
    >
      
      Date range
      
      <!---->
    </div>
     
    <div
      class="date-time-picker"
      id="DateTimePicker"
    >
      <div
        class="field flex align-center lg"
        data-v-a0144ed0=""
      >
        <input
          class="field-input"
          data-v-a0144ed0=""
          id="DateTimePicker"
          placeholder="Select date"
          readonly="readonly"
          type="text"
        />
        <label
          class="field-label"
          data-v-a0144ed0=""
          for="DateTimePicker"
        >
          
    Select date
  
        </label>
        <!---->
      </div>
      <!---->
      <!---->
    </div>
  </div>
   
  <div
    class="flex sm2 px-2"
  >
    <div
      class="layout row justify-space-between mb-2"
    >
      
      Companies
      
      <!---->
    </div>
     
    <div
      background-color="white"
      class="v-input mt-0 pt-0 v-text-field v-text-field--placeholder v-select v-autocomplete v-input--hide-details theme--light"
      height="48"
    >
      <div
        class="v-input__control"
      >
        <div
          class="v-input__slot white"
          style="height: 48px;"
        >
          <div
            class="v-select__slot"
          >
            <input
              aria-label=""
              autocomplete="off"
              placeholder="All Companies"
              role="combobox"
              type="text"
            />
            <div
              class="v-input__append-inner"
            >
              <div
                class="v-input__icon v-input__icon--"
              >
                <i
                  aria-hidden="true"
                  class="v-icon v-icon--link material-icons theme--light"
                />
              </div>
            </div>
            <div
              class="v-input__append-inner"
            >
              <div
                class="v-input__icon v-input__icon--append"
              >
                <i
                  aria-hidden="true"
                  class="v-icon material-icons theme--light"
                >
                  arrow_drop_down
                </i>
              </div>
            </div>
          </div>
          <div
            class="v-menu"
          >
            <div
              class="v-menu__content theme--light v-autocomplete__content"
              style="max-height: 300px; min-width: 0px; max-width: auto; top: 12px; left: 0px; transform-origin: top left; z-index: 0; display: none;"
            >
              <div
                class="v-select-list v-card theme--light"
              >
                <div
                  class="v-list theme--light"
                  role="list"
                >
                  <div
                    role="listitem"
                  >
                    <div
                      class="v-list__tile theme--light"
                    >
                      <div
                        class="v-list__tile__content"
                      >
                        <div
                          class="v-list__tile__title"
                        >
                          No data available
                        </div>
                      </div>
                    </div>
                  </div>
                </div>
              </div>
            </div>
          </div>
        </div>
      </div>
    </div>
  </div>
   
  <div
    class="flex sm2 px-2"
  >
    <div
      class="layout row justify-space-between mb-2"
    >
      
      Truck
      
      <!---->
    </div>
     
    <div
      background-color="white"
      class="v-input mt-0 pt-0 v-text-field v-text-field--placeholder v-select v-autocomplete v-input--hide-details theme--light"
      height="48"
    >
      <div
        class="v-input__control"
      >
        <div
          class="v-input__slot white"
          style="height: 48px;"
        >
          <div
            class="v-select__slot"
          >
            <input
              aria-label=""
              autocomplete="off"
              placeholder="All Trucks"
              role="combobox"
              type="text"
            />
            <div
              class="v-input__append-inner"
            >
              <div
                class="v-input__icon v-input__icon--"
              >
                <i
                  aria-hidden="true"
                  class="v-icon v-icon--link material-icons theme--light"
                />
              </div>
            </div>
            <div
              class="v-input__append-inner"
            >
              <div
                class="v-input__icon v-input__icon--append"
              >
                <i
                  aria-hidden="true"
                  class="v-icon material-icons theme--light"
                >
                  arrow_drop_down
                </i>
              </div>
            </div>
          </div>
          <div
            class="v-menu"
          >
            <div
              class="v-menu__content theme--light v-autocomplete__content"
              style="max-height: 300px; min-width: 0px; max-width: auto; top: 12px; left: 0px; transform-origin: top left; z-index: 0; display: none;"
            >
              <div
                class="v-select-list v-card theme--light"
              >
                <div
                  class="v-list theme--light"
                  role="list"
                >
                  <div
                    role="listitem"
                  >
                    <div
                      class="v-list__tile theme--light"
                    >
                      <div
                        class="v-list__tile__content"
                      >
                        <div
                          class="v-list__tile__title"
                        >
                          No data available
                        </div>
                      </div>
                    </div>
                  </div>
                </div>
              </div>
            </div>
          </div>
        </div>
      </div>
    </div>
  </div>
   
  <div
    class="flex sm2 px-2"
  >
    <div
      class="layout row justify-space-between mb-2"
    >
      
      Customer
      
      <!---->
    </div>
     
    <div
      background-color="white"
      class="v-input mt-0 pt-0 v-text-field v-text-field--placeholder v-select v-autocomplete v-input--hide-details theme--light"
      height="48"
    >
      <div
        class="v-input__control"
      >
        <div
          class="v-input__slot white"
          style="height: 48px;"
        >
          <div
            class="v-select__slot"
          >
            <input
              aria-label=""
              autocomplete="off"
              placeholder="All Customers"
              role="combobox"
              type="text"
            />
            <div
              class="v-input__append-inner"
            >
              <div
                class="v-input__icon v-input__icon--"
              >
                <i
                  aria-hidden="true"
                  class="v-icon v-icon--link material-icons theme--light"
                />
              </div>
            </div>
            <div
              class="v-input__append-inner"
            >
              <div
                class="v-input__icon v-input__icon--append"
              >
                <i
                  aria-hidden="true"
                  class="v-icon material-icons theme--light"
                >
                  arrow_drop_down
                </i>
              </div>
            </div>
          </div>
          <div
            class="v-menu"
          >
            <div
              class="v-menu__content theme--light v-autocomplete__content"
              style="max-height: 300px; min-width: 0px; max-width: auto; top: 12px; left: 0px; transform-origin: top left; z-index: 0; display: none;"
            >
              <div
                class="v-select-list v-card theme--light"
              >
                <div
                  class="v-list theme--light"
                  role="list"
                >
                  <div
                    role="listitem"
                  >
                    <div
                      class="v-list__tile theme--light"
                    >
                      <div
                        class="v-list__tile__content"
                      >
                        <div
                          class="v-list__tile__title"
                        >
                          No data available
                        </div>
                      </div>
                    </div>
                  </div>
                </div>
              </div>
            </div>
          </div>
        </div>
      </div>
    </div>
  </div>
   
  <div
    class="flex sm2 pt-4 fill-height justify-end pl-2"
  >
    <a
      class="primary v-btn v-btn--large theme--light"
      href="/admin/searches?"
    >
      <div
        class="v-btn__content"
      >
        
      Generate
    
      </div>
    </a>
  </div>
</div>
`;
