// Jest Snapshot v1, https://goo.gl/fbAQLP

exports[`financials/SalesByMethod Snapshots sales set 1`] = `
<div
  class="container"
>
  <div
    class="layout row wrap align-center"
  >
    <div
      class="flex xs12 sm6"
    >
      <doughnut-stub
        chartdata="[object Object]"
        chartid="doughnut-chart"
        cssclasses=""
        height="400"
        options="[object Object]"
        plugins=""
        width="400"
      />
    </div>
     
    <div
      class="flex xs12 sm6 pl-4"
    >
      <div
        class="layout d-flex mb-3 row align-left"
      >
        <div
          class="flex"
        >
          <i
            aria-hidden="true"
            class="v-icon mr-2 fa fa-circle theme--light"
            style="font-size: 16px; color: rgb(25, 118, 210); caret-color: #1976D2;"
          />
           
          <span
            class="body-2 text-lowercase"
          >
            VISA 24%
          </span>
        </div>
      </div>
      <div
        class="layout d-flex mb-3 row align-left"
      >
        <div
          class="flex"
        >
          <i
            aria-hidden="true"
            class="v-icon mr-2 fa fa-circle theme--light"
            style="font-size: 16px; color: rgb(251, 140, 0); caret-color: #FB8C00;"
          />
           
          <span
            class="body-2 text-lowercase"
          >
            MASTERCARD 32%
          </span>
        </div>
      </div>
      <div
        class="layout d-flex mb-3 row align-left"
      >
        <div
          class="flex"
        >
          <i
            aria-hidden="true"
            class="v-icon mr-2 fa fa-circle theme--light"
            style="font-size: 16px; color: rgb(66, 66, 66); caret-color: #424242;"
          />
           
          <span
            class="body-2 text-lowercase"
          >
            AMEX 28%
          </span>
        </div>
      </div>
      <div
        class="layout d-flex mb-3 row align-left"
      >
        <div
          class="flex"
        >
          <i
            aria-hidden="true"
            class="v-icon mr-2 fa fa-circle theme--light"
            style="font-size: 16px; color: rgb(33, 150, 243); caret-color: #2196F3;"
          />
           
          <span
            class="body-2 text-lowercase"
          >
            CASH 16%
          </span>
        </div>
      </div>
    </div>
  </div>
</div>
`;
