// Jest Snapshot v1, https://goo.gl/fbAQLP

exports[`Admin Users Page Mount snapshot 1`] = `
<div>
  <v-flex-stub
    align-center=""
    d-inline-flex=""
    ma-2=""
    tag="div"
  >
    <h2>
      Users
    </h2>
     
    <v-btn-stub
      activeclass="v-btn--active"
      class="ml-4"
      color="primary"
      dark="true"
      slot="activator"
      tag="button"
      type="button"
    >
      
      New User
    
    </v-btn-stub>
  </v-flex-stub>
   
  <v-divider-stub />
   
  <br />
   
  <user-filter-stub
    autocompleteurl="/api/users"
    companies=""
    sortables="[object Object],[object Object],[object Object],[object Object],[object Object],[object Object],[object Object],[object Object]"
  />
   
  <user-list-stub
    class="users-list"
    headers="[object Object],[object Object],[object Object],[object Object],[object Object],[object Object]"
    itemactions="[object Object],[object Object],[object Object]"
    levels=""
    must-sort=""
    page="1"
    rowsperpage="10"
    rowsperpageitems="5,10,15,25,30,50"
    sortby=""
    statuses=""
    totalitems="79"
    users="[object Object],[object Object],[object Object],[object Object],[object Object],[object Object],[object Object],[object Object],[object Object],[object Object]"
  />
   
  <v-dialog-stub
    contentclass=""
    maxwidth="500"
    origin="center center"
    transition="dialog-transition"
    width="auto"
  >
    <simple-confirm-stub
      cancellabel="No"
      class=""
      oklabel="Yes"
      title="Are you sure you want to delete this user?"
    >
      <div
        class="py-5 px-2"
      >
        <p
          class="subheading"
        >
          <span>
            User
          </span>
          
            : 
          
        </p>
      </div>
    </simple-confirm-stub>
  </v-dialog-stub>
</div>
`;
